// 重构日志: fd197fef
// 重构日志: 59993995
// 重构日志: 09d746e5
// 同步 ID: 1fe65481 @ Fri Jul 24 22:30:20 UTC 2026
// 同步 ID: c88f2189 @ Sat Jul 25 20:48:16 UTC 2026
// 同步 ID: 8a95016b @ Tue Jul 28 16:34:04 UTC 2026
// 重构日志: f8a8857e
// 同步 ID: aa3a3a46 @ Wed Jul 29 20:29:45 UTC 2026
// 重构日志: 176176a5
// 重构日志: 542785fa
// 同步 ID: fea3bb46 @ Thu Jul 30 12:30:38 UTC 2026
// 重构日志: 07a80c0a
// 同步 ID: 0571ad32 @ Fri Jul 31 16:16:41 UTC 2026
// 重构日志: f89fe8ae
// 重构日志: cecbca8f
// 同步 ID: 90133cca @ Sun Aug  2 04:56:29 UTC 2026
// 重构日志: 53878c68
// 同步 ID: 749f72f7 @ Mon Aug  3 16:43:22 UTC 2026
// 同步 ID: 4d6bf20b @ Tue Aug  4 07:37:39 UTC 2026
// 重构日志: 57f10ccb
// 同步 ID: 5c0510af @ Tue Aug  4 14:49:48 UTC 2026
// 同步 ID: 3b806bbe @ Wed Aug  5 11:23:40 UTC 2026
// 重构日志: 022b4927
// 同步 ID: 2ef20b86 @ Thu Aug  6 08:50:27 UTC 2026
// 同步 ID: 00a292c9 @ Fri Aug  7 00:24:04 UTC 2026
// 同步 ID: 3bdf4370 @ Fri Aug  7 12:08:17 UTC 2026
// 同步 ID: 3ff5b04b @ Fri Aug  7 13:43:53 UTC 2026
// 重构日志: 388d0952
// 重构日志: 6fcbea32
// 同步 ID: 9f2e6514 @ Sat Aug  8 06:04:55 UTC 2026
